
> kitchen-rota@1.0.0 build
> prisma generate && next build

warn The configuration property `package.json#prisma` is deprecated and will be removed in Prisma 7. Please migrate to a Prisma config file (e.g., `prisma.config.ts`).
For more information, see: https://pris.ly/prisma-config

Environment variables loaded from .env
Prisma schema loaded from prisma/schema.prisma
warn Preview feature "driverAdapters" is deprecated. The functionality can be used without specifying it as a preview feature.

✔ Generated Prisma Client (v6.19.2) to ./node_modules/@prisma/client in 140ms

Start by importing your Prisma Client (See: https://pris.ly/d/importing-client)

Tip: Want to turn off tips and other hints? https://pris.ly/tip-4-nohints

   ▲ Next.js 15.4.11
   - Environments: .env

   Creating an optimized production build ...
Failed to compile.

./node_modules/next-auth/core/init.js:8:1
Module not found: Can't resolve 'crypto'
   6 | });
   7 | exports.init = init;
>  8 | var _crypto = require("crypto");
     | ^
   9 | var _logger = _interopRequireDefault(require("../utils/logger"));
  10 | var _errors = require("./errors");
  11 | var _providers = _interopRequireDefault(require("./lib/providers"));

https://nextjs.org/docs/messages/module-not-found

Import trace for requested module:
./node_modules/next-auth/core/index.js
./node_modules/next-auth/next/index.js
./node_modules/next-auth/index.js
./src/app/api/auth/[...nextauth]/route.ts
./node_modules/next/dist/build/webpack/loaders/next-edge-app-route-loader/index.js?absolutePagePath=private-next-app-dir%2Fapi%2Fauth%2F%5B...nextauth%5D%2Froute.ts&page=%2Fapi%2Fauth%2F%5B...nextauth%5D%2Froute&appDirLoader=bmV4dC1hcHAtbG9hZGVyP25hbWU9YXBwJTJGYXBpJTJGYXV0aCUyRiU1Qi4uLm5leHRhdXRoJTVEJTJGcm91dGUmcGFnZT0lMkZhcGklMkZhdXRoJTJGJTVCLi4ubmV4dGF1dGglNUQlMkZyb3V0ZSZwYWdlUGF0aD1wcml2YXRlLW5leHQtYXBwLWRpciUyRmFwaSUyRmF1dGglMkYlNUIuLi5uZXh0YXV0aCU1RCUyRnJvdXRlLnRzJmFwcERpcj0lMkZob21lJTJGdmlyZXNoJTJGRG9jdW1lbnRzJTJGS2l0Y2hlbi1Sb3RhJTJGc3JjJTJGYXBwJmFwcFBhdGhzPSUyRmFwaSUyRmF1dGglMkYlNUIuLi5uZXh0YXV0aCU1RCUyRnJvdXRlJnBhZ2VFeHRlbnNpb25zPXRzeCZwYWdlRXh0ZW5zaW9ucz10cyZwYWdlRXh0ZW5zaW9ucz1qc3gmcGFnZUV4dGVuc2lvbnM9anMmYmFzZVBhdGg9JmFzc2V0UHJlZml4PSZuZXh0Q29uZmlnT3V0cHV0PSZwcmVmZXJyZWRSZWdpb249Jm1pZGRsZXdhcmVDb25maWc9ZTMwJTNEJmlzR2xvYmFsTm90Rm91bmRFbmFibGVkPSE%3D&nextConfig=eyJlbnYiOnt9LCJ3ZWJwYWNrIjpudWxsLCJlc2xpbnQiOnsiaWdub3JlRHVyaW5nQnVpbGRzIjpmYWxzZX0sInR5cGVzY3JpcHQiOnsiaWdub3JlQnVpbGRFcnJvcnMiOmZhbHNlLCJ0c2NvbmZpZ1BhdGgiOiJ0c2NvbmZpZy5qc29uIn0sImRpc3REaXIiOiIubmV4dCIsImNsZWFuRGlzdERpciI6dHJ1ZSwiYXNzZXRQcmVmaXgiOiIiLCJjYWNoZU1heE1lbW9yeVNpemUiOjUyNDI4ODAwLCJjb25maWdPcmlnaW4iOiJuZXh0LmNvbmZpZy5tanMiLCJ1c2VGaWxlU3lzdGVtUHVibGljUm91dGVzIjp0cnVlLCJnZW5lcmF0ZUV0YWdzIjp0cnVlLCJwYWdlRXh0ZW5zaW9ucyI6WyJ0c3giLCJ0cyIsImpzeCIsImpzIl0sInBvd2VyZWRCeUhlYWRlciI6dHJ1ZSwiY29tcHJlc3MiOnRydWUsImltYWdlcyI6eyJkZXZpY2VTaXplcyI6WzY0MCw3NTAsODI4LDEwODAsMTIwMCwxOTIwLDIwNDgsMzg0MF0sImltYWdlU2l6ZXMiOlsxNiwzMiw0OCw2NCw5NiwxMjgsMjU2LDM4NF0sInBhdGgiOiIvX25leHQvaW1hZ2UiLCJsb2FkZXIiOiJkZWZhdWx0IiwibG9hZGVyRmlsZSI6IiIsImRvbWFpbnMiOltdLCJkaXNhYmxlU3RhdGljSW1hZ2VzIjpmYWxzZSwibWluaW11bUNhY2hlVFRMIjo2MCwiZm9ybWF0cyI6WyJpbWFnZS93ZWJwIl0sImRhbmdlcm91c2x5QWxsb3dTVkciOmZhbHNlLCJjb250ZW50U2VjdXJpdHlQb2xpY3kiOiJzY3JpcHQtc3JjICdub25lJzsgZnJhbWUtc3JjICdub25lJzsgc2FuZGJveDsiLCJjb250ZW50RGlzcG9zaXRpb25UeXBlIjoiYXR0YWNobWVudCIsInJlbW90ZVBhdHRlcm5zIjpbXSwidW5vcHRpbWl6ZWQiOmZhbHNlfSwiZGV2SW5kaWNhdG9ycyI6eyJwb3NpdGlvbiI6ImJvdHRvbS1sZWZ0In0sIm9uRGVtYW5kRW50cmllcyI6eyJtYXhJbmFjdGl2ZUFnZSI6NjAwMDAsInBhZ2VzQnVmZmVyTGVuZ3RoIjo1fSwiYW1wIjp7ImNhbm9uaWNhbEJhc2UiOiIifSwiYmFzZVBhdGgiOiIiLCJzYXNzT3B0aW9ucyI6e30sInRyYWlsaW5nU2xhc2giOmZhbHNlLCJpMThuIjpudWxsLCJwcm9kdWN0aW9uQnJvd3NlclNvdXJjZU1hcHMiOmZhbHNlLCJleGNsdWRlRGVmYXVsdE1vbWVudExvY2FsZXMiOnRydWUsInNlcnZlclJ1bnRpbWVDb25maWciOnt9LCJwdWJsaWNSdW50aW1lQ29uZmlnIjp7fSwicmVhY3RQcm9kdWN0aW9uUHJvZmlsaW5nIjpmYWxzZSwicmVhY3RTdHJpY3RNb2RlIjpudWxsLCJyZWFjdE1heEhlYWRlcnNMZW5ndGgiOjYwMDAsImh0dHBBZ2VudE9wdGlvbnMiOnsia2VlcEFsaXZlIjp0cnVlfSwibG9nZ2luZyI6e30sImNvbXBpbGVyIjp7fSwiZXhwaXJlVGltZSI6MzE1MzYwMDAsInN0YXRpY1BhZ2VHZW5lcmF0aW9uVGltZW91dCI6NjAsIm1vZHVsYXJpemVJbXBvcnRzIjp7IkBtdWkvaWNvbnMtbWF0ZXJpYWwiOnsidHJhbnNmb3JtIjoiQG11aS9pY29ucy1tYXRlcmlhbC97e21lbWJlcn19In0sImxvZGFzaCI6eyJ0cmFuc2Zvcm0iOiJsb2Rhc2gve3ttZW1iZXJ9fSJ9fSwib3V0cHV0RmlsZVRyYWNpbmdSb290IjoiL2hvbWUvdmlyZXNoL0RvY3VtZW50cy9LaXRjaGVuLVJvdGEiLCJleHBlcmltZW50YWwiOnsidXNlU2tld0Nvb2tpZSI6ZmFsc2UsIm5vZGVNaWRkbGV3YXJlIjpmYWxzZSwiY2FjaGVMaWZlIjp7ImRlZmF1bHQiOnsic3RhbGUiOjMwMCwicmV2YWxpZGF0ZSI6OTAwLCJleHBpcmUiOjQyOTQ5NjcyOTR9LCJzZWNvbmRzIjp7InN0YWxlIjowLCJyZXZhbGlkYXRlIjoxLCJleHBpcmUiOjYwfSwibWludXRlcyI6eyJzdGFsZSI6MzAwLCJyZXZhbGlkYXRlIjo2MCwiZXhwaXJlIjozNjAwfSwiaG91cnMiOnsic3RhbGUiOjMwMCwicmV2YWxpZGF0ZSI6MzYwMCwiZXhwaXJlIjo4NjQwMH0sImRheXMiOnsic3RhbGUiOjMwMCwicmV2YWxpZGF0ZSI6ODY0MDAsImV4cGlyZSI6NjA0ODAwfSwid2Vla3MiOnsic3RhbGUiOjMwMCwicmV2YWxpZGF0ZSI6NjA0ODAwLCJleHBpcmUiOjI1OTIwMDB9LCJtYXgiOnsic3RhbGUiOjMwMCwicmV2YWxpZGF0ZSI6MjU5MjAwMCwiZXhwaXJlIjo0Mjk0OTY3Mjk0fX0sImNhY2hlSGFuZGxlcnMiOnt9LCJjc3NDaHVua2luZyI6dHJ1ZSwibXVsdGlab25lRHJhZnRNb2RlIjpmYWxzZSwiYXBwTmF2RmFpbEhhbmRsaW5nIjpmYWxzZSwicHJlcmVuZGVyRWFybHlFeGl0Ijp0cnVlLCJzZXJ2ZXJNaW5pZmljYXRpb24iOnRydWUsInNlcnZlclNvdXJjZU1hcHMiOmZhbHNlLCJsaW5rTm9Ub3VjaFN0YXJ0IjpmYWxzZSwiY2FzZVNlbnNpdGl2ZVJvdXRlcyI6ZmFsc2UsImNsaWVudFNlZ21lbnRDYWNoZSI6ZmFsc2UsImR5bmFtaWNPbkhvdmVyIjpmYWxzZSwicHJlbG9hZEVudHJpZXNPblN0YXJ0Ijp0cnVlLCJjbGllbnRSb3V0ZXJGaWx0ZXIiOnRydWUsImNsaWVudFJvdXRlckZpbHRlclJlZGlyZWN0cyI6ZmFsc2UsImZldGNoQ2FjaGVLZXlQcmVmaXgiOiIiLCJtaWRkbGV3YXJlUHJlZmV0Y2giOiJmbGV4aWJsZSIsIm9wdGltaXN0aWNDbGllbnRDYWNoZSI6dHJ1ZSwibWFudWFsQ2xpZW50QmFzZVBhdGgiOmZhbHNlLCJjcHVzIjo3LCJtZW1vcnlCYXNlZFdvcmtlcnNDb3VudCI6ZmFsc2UsImltZ09wdENvbmN1cnJlbmN5IjpudWxsLCJpbWdPcHRUaW1lb3V0SW5TZWNvbmRzIjo3LCJpbWdPcHRNYXhJbnB1dFBpeGVscyI6MjY4NDAyNjg5LCJpbWdPcHRTZXF1ZW50aWFsUmVhZCI6bnVsbCwiaXNyRmx1c2hUb0Rpc2siOnRydWUsIndvcmtlclRocmVhZHMiOmZhbHNlLCJvcHRpbWl6ZUNzcyI6ZmFsc2UsIm5leHRTY3JpcHRXb3JrZXJzIjpmYWxzZSwic2Nyb2xsUmVzdG9yYXRpb24iOmZhbHNlLCJleHRlcm5hbERpciI6ZmFsc2UsImRpc2FibGVPcHRpbWl6ZWRMb2FkaW5nIjpmYWxzZSwiZ3ppcFNpemUiOnRydWUsImNyYUNvbXBhdCI6ZmFsc2UsImVzbUV4dGVybmFscyI6dHJ1ZSwiZnVsbHlTcGVjaWZpZWQiOmZhbHNlLCJzd2NUcmFjZVByb2ZpbGluZyI6ZmFsc2UsImZvcmNlU3djVHJhbnNmb3JtcyI6ZmFsc2UsImxhcmdlUGFnZURhdGFCeXRlcyI6MTI4MDAwLCJ0eXBlZFJvdXRlcyI6ZmFsc2UsInR5cGVkRW52IjpmYWxzZSwicGFyYWxsZWxTZXJ2ZXJDb21waWxlcyI6ZmFsc2UsInBhcmFsbGVsU2VydmVyQnVpbGRUcmFjZXMiOmZhbHNlLCJwcHIiOmZhbHNlLCJhdXRoSW50ZXJydXB0cyI6ZmFsc2UsIndlYnBhY2tNZW1vcnlPcHRpbWl6YXRpb25zIjpmYWxzZSwib3B0aW1pemVTZXJ2ZXJSZWFjdCI6dHJ1ZSwidmlld1RyYW5zaXRpb24iOmZhbHNlLCJyb3V0ZXJCRkNhY2hlIjpmYWxzZSwicmVtb3ZlVW5jYXVnaHRFcnJvckFuZFJlamVjdGlvbkxpc3RlbmVycyI6ZmFsc2UsInZhbGlkYXRlUlNDUmVxdWVzdEhlYWRlcnMiOmZhbHNlLCJzdGFsZVRpbWVzIjp7ImR5bmFtaWMiOjAsInN0YXRpYyI6MzAwfSwic2VydmVyQ29tcG9uZW50c0htckNhY2hlIjp0cnVlLCJzdGF0aWNHZW5lcmF0aW9uTWF4Q29uY3VycmVuY3kiOjgsInN0YXRpY0dlbmVyYXRpb25NaW5QYWdlc1BlcldvcmtlciI6MjUsImR5bmFtaWNJTyI6ZmFsc2UsImlubGluZUNzcyI6ZmFsc2UsInVzZUNhY2hlIjpmYWxzZSwiZ2xvYmFsTm90Rm91bmQiOmZhbHNlLCJkZXZ0b29sTmV3UGFuZWxVSSI6ZmFsc2UsImRldnRvb2xTZWdtZW50RXhwbG9yZXIiOmZhbHNlLCJicm93c2VyRGVidWdJbmZvSW5UZXJtaW5hbCI6ZmFsc2UsIm9wdGltaXplUm91dGVyU2Nyb2xsaW5nIjpmYWxzZSwic3RyaWN0TmV4dEhlYWQiOnRydWUsIm1pZGRsZXdhcmVDbGllbnRNYXhCb2R5U2l6ZSI6MTA0ODU3NjAsIm9wdGltaXplUGFja2FnZUltcG9ydHMiOlsibHVjaWRlLXJlYWN0IiwiZGF0ZS1mbnMiLCJsb2Rhc2gtZXMiLCJyYW1kYSIsImFudGQiLCJyZWFjdC1ib290c3RyYXAiLCJhaG9va3MiLCJAYW50LWRlc2lnbi9pY29ucyIsIkBoZWFkbGVzc3VpL3JlYWN0IiwiQGhlYWRsZXNzdWktZmxvYXQvcmVhY3QiLCJAaGVyb2ljb25zL3JlYWN0LzIwL3NvbGlkIiwiQGhlcm9pY29ucy9yZWFjdC8yNC9zb2xpZCIsIkBoZXJvaWNvbnMvcmVhY3QvMjQvb3V0bGluZSIsIkB2aXN4L3Zpc3giLCJAdHJlbW9yL3JlYWN0IiwicnhqcyIsIkBtdWkvbWF0ZXJpYWwiLCJAbXVpL2ljb25zLW1hdGVyaWFsIiwicmVjaGFydHMiLCJyZWFjdC11c2UiLCJlZmZlY3QiLCJAZWZmZWN0L3NjaGVtYSIsIkBlZmZlY3QvcGxhdGZvcm0iLCJAZWZmZWN0L3BsYXRmb3JtLW5vZGUiLCJAZWZmZWN0L3BsYXRmb3JtLWJyb3dzZXIiLCJAZWZmZWN0L3BsYXRmb3JtLWJ1biIsIkBlZmZlY3Qvc3FsIiwiQGVmZmVjdC9zcWwtbXNzcWwiLCJAZWZmZWN0L3NxbC1teXNxbDIiLCJAZWZmZWN0L3NxbC1wZyIsIkBlZmZlY3Qvc3FsLXNxbGl0ZS1ub2RlIiwiQGVmZmVjdC9zcWwtc3FsaXRlLWJ1biIsIkBlZmZlY3Qvc3FsLXNxbGl0ZS13YXNtIiwiQGVmZmVjdC9zcWwtc3FsaXRlLXJlYWN0LW5hdGl2ZSIsIkBlZmZlY3QvcnBjIiwiQGVmZmVjdC9ycGMtaHR0cCIsIkBlZmZlY3QvdHlwZWNsYXNzIiwiQGVmZmVjdC9leHBlcmltZW50YWwiLCJAZWZmZWN0L29wZW50ZWxlbWV0cnkiLCJAbWF0ZXJpYWwtdWkvY29yZSIsIkBtYXRlcmlhbC11aS9pY29ucyIsIkB0YWJsZXIvaWNvbnMtcmVhY3QiLCJtdWktY29yZSIsInJlYWN0LWljb25zL2FpIiwicmVhY3QtaWNvbnMvYmkiLCJyZWFjdC1pY29ucy9icyIsInJlYWN0LWljb25zL2NnIiwicmVhY3QtaWNvbnMvY2kiLCJyZWFjdC1pY29ucy9kaSIsInJlYWN0LWljb25zL2ZhIiwicmVhY3QtaWNvbnMvZmE2IiwicmVhY3QtaWNvbnMvZmMiLCJyZWFjdC1pY29ucy9maSIsInJlYWN0LWljb25zL2dpIiwicmVhY3QtaWNvbnMvZ28iLCJyZWFjdC1pY29ucy9nciIsInJlYWN0LWljb25zL2hpIiwicmVhY3QtaWNvbnMvaGkyIiwicmVhY3QtaWNvbnMvaW0iLCJyZWFjdC1pY29ucy9pbyIsInJlYWN0LWljb25zL2lvNSIsInJlYWN0LWljb25zL2xpYSIsInJlYWN0LWljb25zL2xpYiIsInJlYWN0LWljb25zL2x1IiwicmVhY3QtaWNvbnMvbWQiLCJyZWFjdC1pY29ucy9waSIsInJlYWN0LWljb25zL3JpIiwicmVhY3QtaWNvbnMvcngiLCJyZWFjdC1pY29ucy9zaSIsInJlYWN0LWljb25zL3NsIiwicmVhY3QtaWNvbnMvdGIiLCJyZWFjdC1pY29ucy90ZmkiLCJyZWFjdC1pY29ucy90aSIsInJlYWN0LWljb25zL3ZzYyIsInJlYWN0LWljb25zL3dpIl19LCJodG1sTGltaXRlZEJvdHMiOiJNZWRpYXBhcnRuZXJzLUdvb2dsZXxDaHJvbWUtTGlnaHRob3VzZXxTbHVycHxEdWNrRHVja0JvdHxiYWlkdXNwaWRlcnx5YW5kZXh8c29nb3V8Yml0bHlib3R8dHVtYmxyfHZrU2hhcmV8cXVvcmEgbGluayBwcmV2aWV3fHJlZGRpdGJvdHxpYV9hcmNoaXZlcnxCaW5nYm90fEJpbmdQcmV2aWV3fGFwcGxlYm90fGZhY2Vib29rZXh0ZXJuYWxoaXR8ZmFjZWJvb2tjYXRhbG9nfFR3aXR0ZXJib3R8TGlua2VkSW5Cb3R8U2xhY2tib3R8RGlzY29yZGJvdHxXaGF0c0FwcHxTa3lwZVVyaVByZXZpZXd8WWV0aSIsImJ1bmRsZVBhZ2VzUm91dGVyRGVwZW5kZW5jaWVzIjpmYWxzZSwiY29uZmlnRmlsZSI6Ii9ob21lL3ZpcmVzaC9Eb2N1bWVudHMvS2l0Y2hlbi1Sb3RhL25leHQuY29uZmlnLm1qcyIsImNvbmZpZ0ZpbGVOYW1lIjoibmV4dC5jb25maWcubWpzIiwidHVyYm9wYWNrIjp7InJvb3QiOiIvaG9tZS92aXJlc2gvRG9jdW1lbnRzL0tpdGNoZW4tUm90YSJ9fQ%3D%3D&preferredRegion=&middlewareConfig=e30%3D&cacheHandlers=%7B%7D!

./node_modules/next-auth/core/lib/csrf-token.js:7:1
Module not found: Can't resolve 'crypto'
   5 | });
   6 | exports.createCSRFToken = createCSRFToken;
>  7 | var _crypto = require("crypto");
     | ^
   8 | function createCSRFToken({
   9 |   options,
  10 |   cookieValue,

https://nextjs.org/docs/messages/module-not-found

Import trace for requested module:
./node_modules/next-auth/core/init.js
./node_modules/next-auth/core/index.js
./node_modules/next-auth/next/index.js
./node_modules/next-auth/index.js
./src/app/api/auth/[...nextauth]/route.ts
./node_modules/next/dist/build/webpack/loaders/next-edge-app-route-loader/index.js?absolutePagePath=private-next-app-dir%2Fapi%2Fauth%2F%5B...nextauth%5D%2Froute.ts&page=%2Fapi%2Fauth%2F%5B...nextauth%5D%2Froute&appDirLoader=bmV4dC1hcHAtbG9hZGVyP25hbWU9YXBwJTJGYXBpJTJGYXV0aCUyRiU1Qi4uLm5leHRhdXRoJTVEJTJGcm91dGUmcGFnZT0lMkZhcGklMkZhdXRoJTJGJTVCLi4ubmV4dGF1dGglNUQlMkZyb3V0ZSZwYWdlUGF0aD1wcml2YXRlLW5leHQtYXBwLWRpciUyRmFwaSUyRmF1dGglMkYlNUIuLi5uZXh0YXV0aCU1RCUyRnJvdXRlLnRzJmFwcERpcj0lMkZob21lJTJGdmlyZXNoJTJGRG9jdW1lbnRzJTJGS2l0Y2hlbi1Sb3RhJTJGc3JjJTJGYXBwJmFwcFBhdGhzPSUyRmFwaSUyRmF1dGglMkYlNUIuLi5uZXh0YXV0aCU1RCUyRnJvdXRlJnBhZ2VFeHRlbnNpb25zPXRzeCZwYWdlRXh0ZW5zaW9ucz10cyZwYWdlRXh0ZW5zaW9ucz1qc3gmcGFnZUV4dGVuc2lvbnM9anMmYmFzZVBhdGg9JmFzc2V0UHJlZml4PSZuZXh0Q29uZmlnT3V0cHV0PSZwcmVmZXJyZWRSZWdpb249Jm1pZGRsZXdhcmVDb25maWc9ZTMwJTNEJmlzR2xvYmFsTm90Rm91bmRFbmFibGVkPSE%3D&nextConfig=eyJlbnYiOnt9LCJ3ZWJwYWNrIjpudWxsLCJlc2xpbnQiOnsiaWdub3JlRHVyaW5nQnVpbGRzIjpmYWxzZX0sInR5cGVzY3JpcHQiOnsiaWdub3JlQnVpbGRFcnJvcnMiOmZhbHNlLCJ0c2NvbmZpZ1BhdGgiOiJ0c2NvbmZpZy5qc29uIn0sImRpc3REaXIiOiIubmV4dCIsImNsZWFuRGlzdERpciI6dHJ1ZSwiYXNzZXRQcmVmaXgiOiIiLCJjYWNoZU1heE1lbW9yeVNpemUiOjUyNDI4ODAwLCJjb25maWdPcmlnaW4iOiJuZXh0LmNvbmZpZy5tanMiLCJ1c2VGaWxlU3lzdGVtUHVibGljUm91dGVzIjp0cnVlLCJnZW5lcmF0ZUV0YWdzIjp0cnVlLCJwYWdlRXh0ZW5zaW9ucyI6WyJ0c3giLCJ0cyIsImpzeCIsImpzIl0sInBvd2VyZWRCeUhlYWRlciI6dHJ1ZSwiY29tcHJlc3MiOnRydWUsImltYWdlcyI6eyJkZXZpY2VTaXplcyI6WzY0MCw3NTAsODI4LDEwODAsMTIwMCwxOTIwLDIwNDgsMzg0MF0sImltYWdlU2l6ZXMiOlsxNiwzMiw0OCw2NCw5NiwxMjgsMjU2LDM4NF0sInBhdGgiOiIvX25leHQvaW1hZ2UiLCJsb2FkZXIiOiJkZWZhdWx0IiwibG9hZGVyRmlsZSI6IiIsImRvbWFpbnMiOltdLCJkaXNhYmxlU3RhdGljSW1hZ2VzIjpmYWxzZSwibWluaW11bUNhY2hlVFRMIjo2MCwiZm9ybWF0cyI6WyJpbWFnZS93ZWJwIl0sImRhbmdlcm91c2x5QWxsb3dTVkciOmZhbHNlLCJjb250ZW50U2VjdXJpdHlQb2xpY3kiOiJzY3JpcHQtc3JjICdub25lJzsgZnJhbWUtc3JjICdub25lJzsgc2FuZGJveDsiLCJjb250ZW50RGlzcG9zaXRpb25UeXBlIjoiYXR0YWNobWVudCIsInJlbW90ZVBhdHRlcm5zIjpbXSwidW5vcHRpbWl6ZWQiOmZhbHNlfSwiZGV2SW5kaWNhdG9ycyI6eyJwb3NpdGlvbiI6ImJvdHRvbS1sZWZ0In0sIm9uRGVtYW5kRW50cmllcyI6eyJtYXhJbmFjdGl2ZUFnZSI6NjAwMDAsInBhZ2VzQnVmZmVyTGVuZ3RoIjo1fSwiYW1wIjp7ImNhbm9uaWNhbEJhc2UiOiIifSwiYmFzZVBhdGgiOiIiLCJzYXNzT3B0aW9ucyI6e30sInRyYWlsaW5nU2xhc2giOmZhbHNlLCJpMThuIjpudWxsLCJwcm9kdWN0aW9uQnJvd3NlclNvdXJjZU1hcHMiOmZhbHNlLCJleGNsdWRlRGVmYXVsdE1vbWVudExvY2FsZXMiOnRydWUsInNlcnZlclJ1bnRpbWVDb25maWciOnt9LCJwdWJsaWNSdW50aW1lQ29uZmlnIjp7fSwicmVhY3RQcm9kdWN0aW9uUHJvZmlsaW5nIjpmYWxzZSwicmVhY3RTdHJpY3RNb2RlIjpudWxsLCJyZWFjdE1heEhlYWRlcnNMZW5ndGgiOjYwMDAsImh0dHBBZ2VudE9wdGlvbnMiOnsia2VlcEFsaXZlIjp0cnVlfSwibG9nZ2luZyI6e30sImNvbXBpbGVyIjp7fSwiZXhwaXJlVGltZSI6MzE1MzYwMDAsInN0YXRpY1BhZ2VHZW5lcmF0aW9uVGltZW91dCI6NjAsIm1vZHVsYXJpemVJbXBvcnRzIjp7IkBtdWkvaWNvbnMtbWF0ZXJpYWwiOnsidHJhbnNmb3JtIjoiQG11aS9pY29ucy1tYXRlcmlhbC97e21lbWJlcn19In0sImxvZGFzaCI6eyJ0cmFuc2Zvcm0iOiJsb2Rhc2gve3ttZW1iZXJ9fSJ9fSwib3V0cHV0RmlsZVRyYWNpbmdSb290IjoiL2hvbWUvdmlyZXNoL0RvY3VtZW50cy9LaXRjaGVuLVJvdGEiLCJleHBlcmltZW50YWwiOnsidXNlU2tld0Nvb2tpZSI6ZmFsc2UsIm5vZGVNaWRkbGV3YXJlIjpmYWxzZSwiY2FjaGVMaWZlIjp7ImRlZmF1bHQiOnsic3RhbGUiOjMwMCwicmV2YWxpZGF0ZSI6OTAwLCJleHBpcmUiOjQyOTQ5NjcyOTR9LCJzZWNvbmRzIjp7InN0YWxlIjowLCJyZXZhbGlkYXRlIjoxLCJleHBpcmUiOjYwfSwibWludXRlcyI6eyJzdGFsZSI6MzAwLCJyZXZhbGlkYXRlIjo2MCwiZXhwaXJlIjozNjAwfSwiaG91cnMiOnsic3RhbGUiOjMwMCwicmV2YWxpZGF0ZSI6MzYwMCwiZXhwaXJlIjo4NjQwMH0sImRheXMiOnsic3RhbGUiOjMwMCwicmV2YWxpZGF0ZSI6ODY0MDAsImV4cGlyZSI6NjA0ODAwfSwid2Vla3MiOnsic3RhbGUiOjMwMCwicmV2YWxpZGF0ZSI6NjA0ODAwLCJleHBpcmUiOjI1OTIwMDB9LCJtYXgiOnsic3RhbGUiOjMwMCwicmV2YWxpZGF0ZSI6MjU5MjAwMCwiZXhwaXJlIjo0Mjk0OTY3Mjk0fX0sImNhY2hlSGFuZGxlcnMiOnt9LCJjc3NDaHVua2luZyI6dHJ1ZSwibXVsdGlab25lRHJhZnRNb2RlIjpmYWxzZSwiYXBwTmF2RmFpbEhhbmRsaW5nIjpmYWxzZSwicHJlcmVuZGVyRWFybHlFeGl0Ijp0cnVlLCJzZXJ2ZXJNaW5pZmljYXRpb24iOnRydWUsInNlcnZlclNvdXJjZU1hcHMiOmZhbHNlLCJsaW5rTm9Ub3VjaFN0YXJ0IjpmYWxzZSwiY2FzZVNlbnNpdGl2ZVJvdXRlcyI6ZmFsc2UsImNsaWVudFNlZ21lbnRDYWNoZSI6ZmFsc2UsImR5bmFtaWNPbkhvdmVyIjpmYWxzZSwicHJlbG9hZEVudHJpZXNPblN0YXJ0Ijp0cnVlLCJjbGllbnRSb3V0ZXJGaWx0ZXIiOnRydWUsImNsaWVudFJvdXRlckZpbHRlclJlZGlyZWN0cyI6ZmFsc2UsImZldGNoQ2FjaGVLZXlQcmVmaXgiOiIiLCJtaWRkbGV3YXJlUHJlZmV0Y2giOiJmbGV4aWJsZSIsIm9wdGltaXN0aWNDbGllbnRDYWNoZSI6dHJ1ZSwibWFudWFsQ2xpZW50QmFzZVBhdGgiOmZhbHNlLCJjcHVzIjo3LCJtZW1vcnlCYXNlZFdvcmtlcnNDb3VudCI6ZmFsc2UsImltZ09wdENvbmN1cnJlbmN5IjpudWxsLCJpbWdPcHRUaW1lb3V0SW5TZWNvbmRzIjo3LCJpbWdPcHRNYXhJbnB1dFBpeGVscyI6MjY4NDAyNjg5LCJpbWdPcHRTZXF1ZW50aWFsUmVhZCI6bnVsbCwiaXNyRmx1c2hUb0Rpc2siOnRydWUsIndvcmtlclRocmVhZHMiOmZhbHNlLCJvcHRpbWl6ZUNzcyI6ZmFsc2UsIm5leHRTY3JpcHRXb3JrZXJzIjpmYWxzZSwic2Nyb2xsUmVzdG9yYXRpb24iOmZhbHNlLCJleHRlcm5hbERpciI6ZmFsc2UsImRpc2FibGVPcHRpbWl6ZWRMb2FkaW5nIjpmYWxzZSwiZ3ppcFNpemUiOnRydWUsImNyYUNvbXBhdCI6ZmFsc2UsImVzbUV4dGVybmFscyI6dHJ1ZSwiZnVsbHlTcGVjaWZpZWQiOmZhbHNlLCJzd2NUcmFjZVByb2ZpbGluZyI6ZmFsc2UsImZvcmNlU3djVHJhbnNmb3JtcyI6ZmFsc2UsImxhcmdlUGFnZURhdGFCeXRlcyI6MTI4MDAwLCJ0eXBlZFJvdXRlcyI6ZmFsc2UsInR5cGVkRW52IjpmYWxzZSwicGFyYWxsZWxTZXJ2ZXJDb21waWxlcyI6ZmFsc2UsInBhcmFsbGVsU2VydmVyQnVpbGRUcmFjZXMiOmZhbHNlLCJwcHIiOmZhbHNlLCJhdXRoSW50ZXJydXB0cyI6ZmFsc2UsIndlYnBhY2tNZW1vcnlPcHRpbWl6YXRpb25zIjpmYWxzZSwib3B0aW1pemVTZXJ2ZXJSZWFjdCI6dHJ1ZSwidmlld1RyYW5zaXRpb24iOmZhbHNlLCJyb3V0ZXJCRkNhY2hlIjpmYWxzZSwicmVtb3ZlVW5jYXVnaHRFcnJvckFuZFJlamVjdGlvbkxpc3RlbmVycyI6ZmFsc2UsInZhbGlkYXRlUlNDUmVxdWVzdEhlYWRlcnMiOmZhbHNlLCJzdGFsZVRpbWVzIjp7ImR5bmFtaWMiOjAsInN0YXRpYyI6MzAwfSwic2VydmVyQ29tcG9uZW50c0htckNhY2hlIjp0cnVlLCJzdGF0aWNHZW5lcmF0aW9uTWF4Q29uY3VycmVuY3kiOjgsInN0YXRpY0dlbmVyYXRpb25NaW5QYWdlc1BlcldvcmtlciI6MjUsImR5bmFtaWNJTyI6ZmFsc2UsImlubGluZUNzcyI6ZmFsc2UsInVzZUNhY2hlIjpmYWxzZSwiZ2xvYmFsTm90Rm91bmQiOmZhbHNlLCJkZXZ0b29sTmV3UGFuZWxVSSI6ZmFsc2UsImRldnRvb2xTZWdtZW50RXhwbG9yZXIiOmZhbHNlLCJicm93c2VyRGVidWdJbmZvSW5UZXJtaW5hbCI6ZmFsc2UsIm9wdGltaXplUm91dGVyU2Nyb2xsaW5nIjpmYWxzZSwic3RyaWN0TmV4dEhlYWQiOnRydWUsIm1pZGRsZXdhcmVDbGllbnRNYXhCb2R5U2l6ZSI6MTA0ODU3NjAsIm9wdGltaXplUGFja2FnZUltcG9ydHMiOlsibHVjaWRlLXJlYWN0IiwiZGF0ZS1mbnMiLCJsb2Rhc2gtZXMiLCJyYW1kYSIsImFudGQiLCJyZWFjdC1ib290c3RyYXAiLCJhaG9va3MiLCJAYW50LWRlc2lnbi9pY29ucyIsIkBoZWFkbGVzc3VpL3JlYWN0IiwiQGhlYWRsZXNzdWktZmxvYXQvcmVhY3QiLCJAaGVyb2ljb25zL3JlYWN0LzIwL3NvbGlkIiwiQGhlcm9pY29ucy9yZWFjdC8yNC9zb2xpZCIsIkBoZXJvaWNvbnMvcmVhY3QvMjQvb3V0bGluZSIsIkB2aXN4L3Zpc3giLCJAdHJlbW9yL3JlYWN0IiwicnhqcyIsIkBtdWkvbWF0ZXJpYWwiLCJAbXVpL2ljb25zLW1hdGVyaWFsIiwicmVjaGFydHMiLCJyZWFjdC11c2UiLCJlZmZlY3QiLCJAZWZmZWN0L3NjaGVtYSIsIkBlZmZlY3QvcGxhdGZvcm0iLCJAZWZmZWN0L3BsYXRmb3JtLW5vZGUiLCJAZWZmZWN0L3BsYXRmb3JtLWJyb3dzZXIiLCJAZWZmZWN0L3BsYXRmb3JtLWJ1biIsIkBlZmZlY3Qvc3FsIiwiQGVmZmVjdC9zcWwtbXNzcWwiLCJAZWZmZWN0L3NxbC1teXNxbDIiLCJAZWZmZWN0L3NxbC1wZyIsIkBlZmZlY3Qvc3FsLXNxbGl0ZS1ub2RlIiwiQGVmZmVjdC9zcWwtc3FsaXRlLWJ1biIsIkBlZmZlY3Qvc3FsLXNxbGl0ZS13YXNtIiwiQGVmZmVjdC9zcWwtc3FsaXRlLXJlYWN0LW5hdGl2ZSIsIkBlZmZlY3QvcnBjIiwiQGVmZmVjdC9ycGMtaHR0cCIsIkBlZmZlY3QvdHlwZWNsYXNzIiwiQGVmZmVjdC9leHBlcmltZW50YWwiLCJAZWZmZWN0L29wZW50ZWxlbWV0cnkiLCJAbWF0ZXJpYWwtdWkvY29yZSIsIkBtYXRlcmlhbC11aS9pY29ucyIsIkB0YWJsZXIvaWNvbnMtcmVhY3QiLCJtdWktY29yZSIsInJlYWN0LWljb25zL2FpIiwicmVhY3QtaWNvbnMvYmkiLCJyZWFjdC1pY29ucy9icyIsInJlYWN0LWljb25zL2NnIiwicmVhY3QtaWNvbnMvY2kiLCJyZWFjdC1pY29ucy9kaSIsInJlYWN0LWljb25zL2ZhIiwicmVhY3QtaWNvbnMvZmE2IiwicmVhY3QtaWNvbnMvZmMiLCJyZWFjdC1pY29ucy9maSIsInJlYWN0LWljb25zL2dpIiwicmVhY3QtaWNvbnMvZ28iLCJyZWFjdC1pY29ucy9nciIsInJlYWN0LWljb25zL2hpIiwicmVhY3QtaWNvbnMvaGkyIiwicmVhY3QtaWNvbnMvaW0iLCJyZWFjdC1pY29ucy9pbyIsInJlYWN0LWljb25zL2lvNSIsInJlYWN0LWljb25zL2xpYSIsInJlYWN0LWljb25zL2xpYiIsInJlYWN0LWljb25zL2x1IiwicmVhY3QtaWNvbnMvbWQiLCJyZWFjdC1pY29ucy9waSIsInJlYWN0LWljb25zL3JpIiwicmVhY3QtaWNvbnMvcngiLCJyZWFjdC1pY29ucy9zaSIsInJlYWN0LWljb25zL3NsIiwicmVhY3QtaWNvbnMvdGIiLCJyZWFjdC1pY29ucy90ZmkiLCJyZWFjdC1pY29ucy90aSIsInJlYWN0LWljb25zL3ZzYyIsInJlYWN0LWljb25zL3dpIl19LCJodG1sTGltaXRlZEJvdHMiOiJNZWRpYXBhcnRuZXJzLUdvb2dsZXxDaHJvbWUtTGlnaHRob3VzZXxTbHVycHxEdWNrRHVja0JvdHxiYWlkdXNwaWRlcnx5YW5kZXh8c29nb3V8Yml0bHlib3R8dHVtYmxyfHZrU2hhcmV8cXVvcmEgbGluayBwcmV2aWV3fHJlZGRpdGJvdHxpYV9hcmNoaXZlcnxCaW5nYm90fEJpbmdQcmV2aWV3fGFwcGxlYm90fGZhY2Vib29rZXh0ZXJuYWxoaXR8ZmFjZWJvb2tjYXRhbG9nfFR3aXR0ZXJib3R8TGlua2VkSW5Cb3R8U2xhY2tib3R8RGlzY29yZGJvdHxXaGF0c0FwcHxTa3lwZVVyaVByZXZpZXd8WWV0aSIsImJ1bmRsZVBhZ2VzUm91dGVyRGVwZW5kZW5jaWVzIjpmYWxzZSwiY29uZmlnRmlsZSI6Ii9ob21lL3ZpcmVzaC9Eb2N1bWVudHMvS2l0Y2hlbi1Sb3RhL25leHQuY29uZmlnLm1qcyIsImNvbmZpZ0ZpbGVOYW1lIjoibmV4dC5jb25maWcubWpzIiwidHVyYm9wYWNrIjp7InJvb3QiOiIvaG9tZS92aXJlc2gvRG9jdW1lbnRzL0tpdGNoZW4tUm90YSJ9fQ%3D%3D&preferredRegion=&middlewareConfig=e30%3D&cacheHandlers=%7B%7D!

./node_modules/next-auth/core/lib/email/signin.js:7:1
Module not found: Can't resolve 'crypto'
   5 | });
   6 | exports.default = email;
>  7 | var _crypto = require("crypto");
     | ^
   8 | var _utils = require("../utils");
   9 | async function email(identifier, options) {
  10 |   var _await$provider$gener, _provider$generateVer, _provider$maxAge, _adapter$createVerifi;

https://nextjs.org/docs/messages/module-not-found

Import trace for requested module:
./node_modules/next-auth/core/routes/signin.js
./node_modules/next-auth/core/routes/index.js
./node_modules/next-auth/core/index.js
./node_modules/next-auth/next/index.js
./node_modules/next-auth/index.js
./src/app/api/auth/[...nextauth]/route.ts
./node_modules/next/dist/build/webpack/loaders/next-edge-app-route-loader/index.js?absolutePagePath=private-next-app-dir%2Fapi%2Fauth%2F%5B...nextauth%5D%2Froute.ts&page=%2Fapi%2Fauth%2F%5B...nextauth%5D%2Froute&appDirLoader=bmV4dC1hcHAtbG9hZGVyP25hbWU9YXBwJTJGYXBpJTJGYXV0aCUyRiU1Qi4uLm5leHRhdXRoJTVEJTJGcm91dGUmcGFnZT0lMkZhcGklMkZhdXRoJTJGJTVCLi4ubmV4dGF1dGglNUQlMkZyb3V0ZSZwYWdlUGF0aD1wcml2YXRlLW5leHQtYXBwLWRpciUyRmFwaSUyRmF1dGglMkYlNUIuLi5uZXh0YXV0aCU1RCUyRnJvdXRlLnRzJmFwcERpcj0lMkZob21lJTJGdmlyZXNoJTJGRG9jdW1lbnRzJTJGS2l0Y2hlbi1Sb3RhJTJGc3JjJTJGYXBwJmFwcFBhdGhzPSUyRmFwaSUyRmF1dGglMkYlNUIuLi5uZXh0YXV0aCU1RCUyRnJvdXRlJnBhZ2VFeHRlbnNpb25zPXRzeCZwYWdlRXh0ZW5zaW9ucz10cyZwYWdlRXh0ZW5zaW9ucz1qc3gmcGFnZUV4dGVuc2lvbnM9anMmYmFzZVBhdGg9JmFzc2V0UHJlZml4PSZuZXh0Q29uZmlnT3V0cHV0PSZwcmVmZXJyZWRSZWdpb249Jm1pZGRsZXdhcmVDb25maWc9ZTMwJTNEJmlzR2xvYmFsTm90Rm91bmRFbmFibGVkPSE%3D&nextConfig=eyJlbnYiOnt9LCJ3ZWJwYWNrIjpudWxsLCJlc2xpbnQiOnsiaWdub3JlRHVyaW5nQnVpbGRzIjpmYWxzZX0sInR5cGVzY3JpcHQiOnsiaWdub3JlQnVpbGRFcnJvcnMiOmZhbHNlLCJ0c2NvbmZpZ1BhdGgiOiJ0c2NvbmZpZy5qc29uIn0sImRpc3REaXIiOiIubmV4dCIsImNsZWFuRGlzdERpciI6dHJ1ZSwiYXNzZXRQcmVmaXgiOiIiLCJjYWNoZU1heE1lbW9yeVNpemUiOjUyNDI4ODAwLCJjb25maWdPcmlnaW4iOiJuZXh0LmNvbmZpZy5tanMiLCJ1c2VGaWxlU3lzdGVtUHVibGljUm91dGVzIjp0cnVlLCJnZW5lcmF0ZUV0YWdzIjp0cnVlLCJwYWdlRXh0ZW5zaW9ucyI6WyJ0c3giLCJ0cyIsImpzeCIsImpzIl0sInBvd2VyZWRCeUhlYWRlciI6dHJ1ZSwiY29tcHJlc3MiOnRydWUsImltYWdlcyI6eyJkZXZpY2VTaXplcyI6WzY0MCw3NTAsODI4LDEwODAsMTIwMCwxOTIwLDIwNDgsMzg0MF0sImltYWdlU2l6ZXMiOlsxNiwzMiw0OCw2NCw5NiwxMjgsMjU2LDM4NF0sInBhdGgiOiIvX25leHQvaW1hZ2UiLCJsb2FkZXIiOiJkZWZhdWx0IiwibG9hZGVyRmlsZSI6IiIsImRvbWFpbnMiOltdLCJkaXNhYmxlU3RhdGljSW1hZ2VzIjpmYWxzZSwibWluaW11bUNhY2hlVFRMIjo2MCwiZm9ybWF0cyI6WyJpbWFnZS93ZWJwIl0sImRhbmdlcm91c2x5QWxsb3dTVkciOmZhbHNlLCJjb250ZW50U2VjdXJpdHlQb2xpY3kiOiJzY3JpcHQtc3JjICdub25lJzsgZnJhbWUtc3JjICdub25lJzsgc2FuZGJveDsiLCJjb250ZW50RGlzcG9zaXRpb25UeXBlIjoiYXR0YWNobWVudCIsInJlbW90ZVBhdHRlcm5zIjpbXSwidW5vcHRpbWl6ZWQiOmZhbHNlfSwiZGV2SW5kaWNhdG9ycyI6eyJwb3NpdGlvbiI6ImJvdHRvbS1sZWZ0In0sIm9uRGVtYW5kRW50cmllcyI6eyJtYXhJbmFjdGl2ZUFnZSI6NjAwMDAsInBhZ2VzQnVmZmVyTGVuZ3RoIjo1fSwiYW1wIjp7ImNhbm9uaWNhbEJhc2UiOiIifSwiYmFzZVBhdGgiOiIiLCJzYXNzT3B0aW9ucyI6e30sInRyYWlsaW5nU2xhc2giOmZhbHNlLCJpMThuIjpudWxsLCJwcm9kdWN0aW9uQnJvd3NlclNvdXJjZU1hcHMiOmZhbHNlLCJleGNsdWRlRGVmYXVsdE1vbWVudExvY2FsZXMiOnRydWUsInNlcnZlclJ1bnRpbWVDb25maWciOnt9LCJwdWJsaWNSdW50aW1lQ29uZmlnIjp7fSwicmVhY3RQcm9kdWN0aW9uUHJvZmlsaW5nIjpmYWxzZSwicmVhY3RTdHJpY3RNb2RlIjpudWxsLCJyZWFjdE1heEhlYWRlcnNMZW5ndGgiOjYwMDAsImh0dHBBZ2VudE9wdGlvbnMiOnsia2VlcEFsaXZlIjp0cnVlfSwibG9nZ2luZyI6e30sImNvbXBpbGVyIjp7fSwiZXhwaXJlVGltZSI6MzE1MzYwMDAsInN0YXRpY1BhZ2VHZW5lcmF0aW9uVGltZW91dCI6NjAsIm1vZHVsYXJpemVJbXBvcnRzIjp7IkBtdWkvaWNvbnMtbWF0ZXJpYWwiOnsidHJhbnNmb3JtIjoiQG11aS9pY29ucy1tYXRlcmlhbC97e21lbWJlcn19In0sImxvZGFzaCI6eyJ0cmFuc2Zvcm0iOiJsb2Rhc2gve3ttZW1iZXJ9fSJ9fSwib3V0cHV0RmlsZVRyYWNpbmdSb290IjoiL2hvbWUvdmlyZXNoL0RvY3VtZW50cy9LaXRjaGVuLVJvdGEiLCJleHBlcmltZW50YWwiOnsidXNlU2tld0Nvb2tpZSI6ZmFsc2UsIm5vZGVNaWRkbGV3YXJlIjpmYWxzZSwiY2FjaGVMaWZlIjp7ImRlZmF1bHQiOnsic3RhbGUiOjMwMCwicmV2YWxpZGF0ZSI6OTAwLCJleHBpcmUiOjQyOTQ5NjcyOTR9LCJzZWNvbmRzIjp7InN0YWxlIjowLCJyZXZhbGlkYXRlIjoxLCJleHBpcmUiOjYwfSwibWludXRlcyI6eyJzdGFsZSI6MzAwLCJyZXZhbGlkYXRlIjo2MCwiZXhwaXJlIjozNjAwfSwiaG91cnMiOnsic3RhbGUiOjMwMCwicmV2YWxpZGF0ZSI6MzYwMCwiZXhwaXJlIjo4NjQwMH0sImRheXMiOnsic3RhbGUiOjMwMCwicmV2YWxpZGF0ZSI6ODY0MDAsImV4cGlyZSI6NjA0ODAwfSwid2Vla3MiOnsic3RhbGUiOjMwMCwicmV2YWxpZGF0ZSI6NjA0ODAwLCJleHBpcmUiOjI1OTIwMDB9LCJtYXgiOnsic3RhbGUiOjMwMCwicmV2YWxpZGF0ZSI6MjU5MjAwMCwiZXhwaXJlIjo0Mjk0OTY3Mjk0fX0sImNhY2hlSGFuZGxlcnMiOnt9LCJjc3NDaHVua2luZyI6dHJ1ZSwibXVsdGlab25lRHJhZnRNb2RlIjpmYWxzZSwiYXBwTmF2RmFpbEhhbmRsaW5nIjpmYWxzZSwicHJlcmVuZGVyRWFybHlFeGl0Ijp0cnVlLCJzZXJ2ZXJNaW5pZmljYXRpb24iOnRydWUsInNlcnZlclNvdXJjZU1hcHMiOmZhbHNlLCJsaW5rTm9Ub3VjaFN0YXJ0IjpmYWxzZSwiY2FzZVNlbnNpdGl2ZVJvdXRlcyI6ZmFsc2UsImNsaWVudFNlZ21lbnRDYWNoZSI6ZmFsc2UsImR5bmFtaWNPbkhvdmVyIjpmYWxzZSwicHJlbG9hZEVudHJpZXNPblN0YXJ0Ijp0cnVlLCJjbGllbnRSb3V0ZXJGaWx0ZXIiOnRydWUsImNsaWVudFJvdXRlckZpbHRlclJlZGlyZWN0cyI6ZmFsc2UsImZldGNoQ2FjaGVLZXlQcmVmaXgiOiIiLCJtaWRkbGV3YXJlUHJlZmV0Y2giOiJmbGV4aWJsZSIsIm9wdGltaXN0aWNDbGllbnRDYWNoZSI6dHJ1ZSwibWFudWFsQ2xpZW50QmFzZVBhdGgiOmZhbHNlLCJjcHVzIjo3LCJtZW1vcnlCYXNlZFdvcmtlcnNDb3VudCI6ZmFsc2UsImltZ09wdENvbmN1cnJlbmN5IjpudWxsLCJpbWdPcHRUaW1lb3V0SW5TZWNvbmRzIjo3LCJpbWdPcHRNYXhJbnB1dFBpeGVscyI6MjY4NDAyNjg5LCJpbWdPcHRTZXF1ZW50aWFsUmVhZCI6bnVsbCwiaXNyRmx1c2hUb0Rpc2siOnRydWUsIndvcmtlclRocmVhZHMiOmZhbHNlLCJvcHRpbWl6ZUNzcyI6ZmFsc2UsIm5leHRTY3JpcHRXb3JrZXJzIjpmYWxzZSwic2Nyb2xsUmVzdG9yYXRpb24iOmZhbHNlLCJleHRlcm5hbERpciI6ZmFsc2UsImRpc2FibGVPcHRpbWl6ZWRMb2FkaW5nIjpmYWxzZSwiZ3ppcFNpemUiOnRydWUsImNyYUNvbXBhdCI6ZmFsc2UsImVzbUV4dGVybmFscyI6dHJ1ZSwiZnVsbHlTcGVjaWZpZWQiOmZhbHNlLCJzd2NUcmFjZVByb2ZpbGluZyI6ZmFsc2UsImZvcmNlU3djVHJhbnNmb3JtcyI6ZmFsc2UsImxhcmdlUGFnZURhdGFCeXRlcyI6MTI4MDAwLCJ0eXBlZFJvdXRlcyI6ZmFsc2UsInR5cGVkRW52IjpmYWxzZSwicGFyYWxsZWxTZXJ2ZXJDb21waWxlcyI6ZmFsc2UsInBhcmFsbGVsU2VydmVyQnVpbGRUcmFjZXMiOmZhbHNlLCJwcHIiOmZhbHNlLCJhdXRoSW50ZXJydXB0cyI6ZmFsc2UsIndlYnBhY2tNZW1vcnlPcHRpbWl6YXRpb25zIjpmYWxzZSwib3B0aW1pemVTZXJ2ZXJSZWFjdCI6dHJ1ZSwidmlld1RyYW5zaXRpb24iOmZhbHNlLCJyb3V0ZXJCRkNhY2hlIjpmYWxzZSwicmVtb3ZlVW5jYXVnaHRFcnJvckFuZFJlamVjdGlvbkxpc3RlbmVycyI6ZmFsc2UsInZhbGlkYXRlUlNDUmVxdWVzdEhlYWRlcnMiOmZhbHNlLCJzdGFsZVRpbWVzIjp7ImR5bmFtaWMiOjAsInN0YXRpYyI6MzAwfSwic2VydmVyQ29tcG9uZW50c0htckNhY2hlIjp0cnVlLCJzdGF0aWNHZW5lcmF0aW9uTWF4Q29uY3VycmVuY3kiOjgsInN0YXRpY0dlbmVyYXRpb25NaW5QYWdlc1BlcldvcmtlciI6MjUsImR5bmFtaWNJTyI6ZmFsc2UsImlubGluZUNzcyI6ZmFsc2UsInVzZUNhY2hlIjpmYWxzZSwiZ2xvYmFsTm90Rm91bmQiOmZhbHNlLCJkZXZ0b29sTmV3UGFuZWxVSSI6ZmFsc2UsImRldnRvb2xTZWdtZW50RXhwbG9yZXIiOmZhbHNlLCJicm93c2VyRGVidWdJbmZvSW5UZXJtaW5hbCI6ZmFsc2UsIm9wdGltaXplUm91dGVyU2Nyb2xsaW5nIjpmYWxzZSwic3RyaWN0TmV4dEhlYWQiOnRydWUsIm1pZGRsZXdhcmVDbGllbnRNYXhCb2R5U2l6ZSI6MTA0ODU3NjAsIm9wdGltaXplUGFja2FnZUltcG9ydHMiOlsibHVjaWRlLXJlYWN0IiwiZGF0ZS1mbnMiLCJsb2Rhc2gtZXMiLCJyYW1kYSIsImFudGQiLCJyZWFjdC1ib290c3RyYXAiLCJhaG9va3MiLCJAYW50LWRlc2lnbi9pY29ucyIsIkBoZWFkbGVzc3VpL3JlYWN0IiwiQGhlYWRsZXNzdWktZmxvYXQvcmVhY3QiLCJAaGVyb2ljb25zL3JlYWN0LzIwL3NvbGlkIiwiQGhlcm9pY29ucy9yZWFjdC8yNC9zb2xpZCIsIkBoZXJvaWNvbnMvcmVhY3QvMjQvb3V0bGluZSIsIkB2aXN4L3Zpc3giLCJAdHJlbW9yL3JlYWN0IiwicnhqcyIsIkBtdWkvbWF0ZXJpYWwiLCJAbXVpL2ljb25zLW1hdGVyaWFsIiwicmVjaGFydHMiLCJyZWFjdC11c2UiLCJlZmZlY3QiLCJAZWZmZWN0L3NjaGVtYSIsIkBlZmZlY3QvcGxhdGZvcm0iLCJAZWZmZWN0L3BsYXRmb3JtLW5vZGUiLCJAZWZmZWN0L3BsYXRmb3JtLWJyb3dzZXIiLCJAZWZmZWN0L3BsYXRmb3JtLWJ1biIsIkBlZmZlY3Qvc3FsIiwiQGVmZmVjdC9zcWwtbXNzcWwiLCJAZWZmZWN0L3NxbC1teXNxbDIiLCJAZWZmZWN0L3NxbC1wZyIsIkBlZmZlY3Qvc3FsLXNxbGl0ZS1ub2RlIiwiQGVmZmVjdC9zcWwtc3FsaXRlLWJ1biIsIkBlZmZlY3Qvc3FsLXNxbGl0ZS13YXNtIiwiQGVmZmVjdC9zcWwtc3FsaXRlLXJlYWN0LW5hdGl2ZSIsIkBlZmZlY3QvcnBjIiwiQGVmZmVjdC9ycGMtaHR0cCIsIkBlZmZlY3QvdHlwZWNsYXNzIiwiQGVmZmVjdC9leHBlcmltZW50YWwiLCJAZWZmZWN0L29wZW50ZWxlbWV0cnkiLCJAbWF0ZXJpYWwtdWkvY29yZSIsIkBtYXRlcmlhbC11aS9pY29ucyIsIkB0YWJsZXIvaWNvbnMtcmVhY3QiLCJtdWktY29yZSIsInJlYWN0LWljb25zL2FpIiwicmVhY3QtaWNvbnMvYmkiLCJyZWFjdC1pY29ucy9icyIsInJlYWN0LWljb25zL2NnIiwicmVhY3QtaWNvbnMvY2kiLCJyZWFjdC1pY29ucy9kaSIsInJlYWN0LWljb25zL2ZhIiwicmVhY3QtaWNvbnMvZmE2IiwicmVhY3QtaWNvbnMvZmMiLCJyZWFjdC1pY29ucy9maSIsInJlYWN0LWljb25zL2dpIiwicmVhY3QtaWNvbnMvZ28iLCJyZWFjdC1pY29ucy9nciIsInJlYWN0LWljb25zL2hpIiwicmVhY3QtaWNvbnMvaGkyIiwicmVhY3QtaWNvbnMvaW0iLCJyZWFjdC1pY29ucy9pbyIsInJlYWN0LWljb25zL2lvNSIsInJlYWN0LWljb25zL2xpYSIsInJlYWN0LWljb25zL2xpYiIsInJlYWN0LWljb25zL2x1IiwicmVhY3QtaWNvbnMvbWQiLCJyZWFjdC1pY29ucy9waSIsInJlYWN0LWljb25zL3JpIiwicmVhY3QtaWNvbnMvcngiLCJyZWFjdC1pY29ucy9zaSIsInJlYWN0LWljb25zL3NsIiwicmVhY3QtaWNvbnMvdGIiLCJyZWFjdC1pY29ucy90ZmkiLCJyZWFjdC1pY29ucy90aSIsInJlYWN0LWljb25zL3ZzYyIsInJlYWN0LWljb25zL3dpIl19LCJodG1sTGltaXRlZEJvdHMiOiJNZWRpYXBhcnRuZXJzLUdvb2dsZXxDaHJvbWUtTGlnaHRob3VzZXxTbHVycHxEdWNrRHVja0JvdHxiYWlkdXNwaWRlcnx5YW5kZXh8c29nb3V8Yml0bHlib3R8dHVtYmxyfHZrU2hhcmV8cXVvcmEgbGluayBwcmV2aWV3fHJlZGRpdGJvdHxpYV9hcmNoaXZlcnxCaW5nYm90fEJpbmdQcmV2aWV3fGFwcGxlYm90fGZhY2Vib29rZXh0ZXJuYWxoaXR8ZmFjZWJvb2tjYXRhbG9nfFR3aXR0ZXJib3R8TGlua2VkSW5Cb3R8U2xhY2tib3R8RGlzY29yZGJvdHxXaGF0c0FwcHxTa3lwZVVyaVByZXZpZXd8WWV0aSIsImJ1bmRsZVBhZ2VzUm91dGVyRGVwZW5kZW5jaWVzIjpmYWxzZSwiY29uZmlnRmlsZSI6Ii9ob21lL3ZpcmVzaC9Eb2N1bWVudHMvS2l0Y2hlbi1Sb3RhL25leHQuY29uZmlnLm1qcyIsImNvbmZpZ0ZpbGVOYW1lIjoibmV4dC5jb25maWcubWpzIiwidHVyYm9wYWNrIjp7InJvb3QiOiIvaG9tZS92aXJlc2gvRG9jdW1lbnRzL0tpdGNoZW4tUm90YSJ9fQ%3D%3D&preferredRegion=&middlewareConfig=e30%3D&cacheHandlers=%7B%7D!

./node_modules/next-auth/core/lib/utils.js:9:1
Module not found: Can't resolve 'crypto'
   7 | exports.fromDate = fromDate;
   8 | exports.hashToken = hashToken;
>  9 | var _crypto = require("crypto");
     | ^
  10 | function fromDate(time, date = Date.now()) {
  11 |   return new Date(date + time * 1000);
  12 | }

https://nextjs.org/docs/messages/module-not-found

Import trace for requested module:
./node_modules/next-auth/core/init.js
./node_modules/next-auth/core/index.js
./node_modules/next-auth/next/index.js
./node_modules/next-auth/index.js
./src/app/api/auth/[...nextauth]/route.ts
./node_modules/next/dist/build/webpack/loaders/next-edge-app-route-loader/index.js?absolutePagePath=private-next-app-dir%2Fapi%2Fauth%2F%5B...nextauth%5D%2Froute.ts&page=%2Fapi%2Fauth%2F%5B...nextauth%5D%2Froute&appDirLoader=bmV4dC1hcHAtbG9hZGVyP25hbWU9YXBwJTJGYXBpJTJGYXV0aCUyRiU1Qi4uLm5leHRhdXRoJTVEJTJGcm91dGUmcGFnZT0lMkZhcGklMkZhdXRoJTJGJTVCLi4ubmV4dGF1dGglNUQlMkZyb3V0ZSZwYWdlUGF0aD1wcml2YXRlLW5leHQtYXBwLWRpciUyRmFwaSUyRmF1dGglMkYlNUIuLi5uZXh0YXV0aCU1RCUyRnJvdXRlLnRzJmFwcERpcj0lMkZob21lJTJGdmlyZXNoJTJGRG9jdW1lbnRzJTJGS2l0Y2hlbi1Sb3RhJTJGc3JjJTJGYXBwJmFwcFBhdGhzPSUyRmFwaSUyRmF1dGglMkYlNUIuLi5uZXh0YXV0aCU1RCUyRnJvdXRlJnBhZ2VFeHRlbnNpb25zPXRzeCZwYWdlRXh0ZW5zaW9ucz10cyZwYWdlRXh0ZW5zaW9ucz1qc3gmcGFnZUV4dGVuc2lvbnM9anMmYmFzZVBhdGg9JmFzc2V0UHJlZml4PSZuZXh0Q29uZmlnT3V0cHV0PSZwcmVmZXJyZWRSZWdpb249Jm1pZGRsZXdhcmVDb25maWc9ZTMwJTNEJmlzR2xvYmFsTm90Rm91bmRFbmFibGVkPSE%3D&nextConfig=eyJlbnYiOnt9LCJ3ZWJwYWNrIjpudWxsLCJlc2xpbnQiOnsiaWdub3JlRHVyaW5nQnVpbGRzIjpmYWxzZX0sInR5cGVzY3JpcHQiOnsiaWdub3JlQnVpbGRFcnJvcnMiOmZhbHNlLCJ0c2NvbmZpZ1BhdGgiOiJ0c2NvbmZpZy5qc29uIn0sImRpc3REaXIiOiIubmV4dCIsImNsZWFuRGlzdERpciI6dHJ1ZSwiYXNzZXRQcmVmaXgiOiIiLCJjYWNoZU1heE1lbW9yeVNpemUiOjUyNDI4ODAwLCJjb25maWdPcmlnaW4iOiJuZXh0LmNvbmZpZy5tanMiLCJ1c2VGaWxlU3lzdGVtUHVibGljUm91dGVzIjp0cnVlLCJnZW5lcmF0ZUV0YWdzIjp0cnVlLCJwYWdlRXh0ZW5zaW9ucyI6WyJ0c3giLCJ0cyIsImpzeCIsImpzIl0sInBvd2VyZWRCeUhlYWRlciI6dHJ1ZSwiY29tcHJlc3MiOnRydWUsImltYWdlcyI6eyJkZXZpY2VTaXplcyI6WzY0MCw3NTAsODI4LDEwODAsMTIwMCwxOTIwLDIwNDgsMzg0MF0sImltYWdlU2l6ZXMiOlsxNiwzMiw0OCw2NCw5NiwxMjgsMjU2LDM4NF0sInBhdGgiOiIvX25leHQvaW1hZ2UiLCJsb2FkZXIiOiJkZWZhdWx0IiwibG9hZGVyRmlsZSI6IiIsImRvbWFpbnMiOltdLCJkaXNhYmxlU3RhdGljSW1hZ2VzIjpmYWxzZSwibWluaW11bUNhY2hlVFRMIjo2MCwiZm9ybWF0cyI6WyJpbWFnZS93ZWJwIl0sImRhbmdlcm91c2x5QWxsb3dTVkciOmZhbHNlLCJjb250ZW50U2VjdXJpdHlQb2xpY3kiOiJzY3JpcHQtc3JjICdub25lJzsgZnJhbWUtc3JjICdub25lJzsgc2FuZGJveDsiLCJjb250ZW50RGlzcG9zaXRpb25UeXBlIjoiYXR0YWNobWVudCIsInJlbW90ZVBhdHRlcm5zIjpbXSwidW5vcHRpbWl6ZWQiOmZhbHNlfSwiZGV2SW5kaWNhdG9ycyI6eyJwb3NpdGlvbiI6ImJvdHRvbS1sZWZ0In0sIm9uRGVtYW5kRW50cmllcyI6eyJtYXhJbmFjdGl2ZUFnZSI6NjAwMDAsInBhZ2VzQnVmZmVyTGVuZ3RoIjo1fSwiYW1wIjp7ImNhbm9uaWNhbEJhc2UiOiIifSwiYmFzZVBhdGgiOiIiLCJzYXNzT3B0aW9ucyI6e30sInRyYWlsaW5nU2xhc2giOmZhbHNlLCJpMThuIjpudWxsLCJwcm9kdWN0aW9uQnJvd3NlclNvdXJjZU1hcHMiOmZhbHNlLCJleGNsdWRlRGVmYXVsdE1vbWVudExvY2FsZXMiOnRydWUsInNlcnZlclJ1bnRpbWVDb25maWciOnt9LCJwdWJsaWNSdW50aW1lQ29uZmlnIjp7fSwicmVhY3RQcm9kdWN0aW9uUHJvZmlsaW5nIjpmYWxzZSwicmVhY3RTdHJpY3RNb2RlIjpudWxsLCJyZWFjdE1heEhlYWRlcnNMZW5ndGgiOjYwMDAsImh0dHBBZ2VudE9wdGlvbnMiOnsia2VlcEFsaXZlIjp0cnVlfSwibG9nZ2luZyI6e30sImNvbXBpbGVyIjp7fSwiZXhwaXJlVGltZSI6MzE1MzYwMDAsInN0YXRpY1BhZ2VHZW5lcmF0aW9uVGltZW91dCI6NjAsIm1vZHVsYXJpemVJbXBvcnRzIjp7IkBtdWkvaWNvbnMtbWF0ZXJpYWwiOnsidHJhbnNmb3JtIjoiQG11aS9pY29ucy1tYXRlcmlhbC97e21lbWJlcn19In0sImxvZGFzaCI6eyJ0cmFuc2Zvcm0iOiJsb2Rhc2gve3ttZW1iZXJ9fSJ9fSwib3V0cHV0RmlsZVRyYWNpbmdSb290IjoiL2hvbWUvdmlyZXNoL0RvY3VtZW50cy9LaXRjaGVuLVJvdGEiLCJleHBlcmltZW50YWwiOnsidXNlU2tld0Nvb2tpZSI6ZmFsc2UsIm5vZGVNaWRkbGV3YXJlIjpmYWxzZSwiY2FjaGVMaWZlIjp7ImRlZmF1bHQiOnsic3RhbGUiOjMwMCwicmV2YWxpZGF0ZSI6OTAwLCJleHBpcmUiOjQyOTQ5NjcyOTR9LCJzZWNvbmRzIjp7InN0YWxlIjowLCJyZXZhbGlkYXRlIjoxLCJleHBpcmUiOjYwfSwibWludXRlcyI6eyJzdGFsZSI6MzAwLCJyZXZhbGlkYXRlIjo2MCwiZXhwaXJlIjozNjAwfSwiaG91cnMiOnsic3RhbGUiOjMwMCwicmV2YWxpZGF0ZSI6MzYwMCwiZXhwaXJlIjo4NjQwMH0sImRheXMiOnsic3RhbGUiOjMwMCwicmV2YWxpZGF0ZSI6ODY0MDAsImV4cGlyZSI6NjA0ODAwfSwid2Vla3MiOnsic3RhbGUiOjMwMCwicmV2YWxpZGF0ZSI6NjA0ODAwLCJleHBpcmUiOjI1OTIwMDB9LCJtYXgiOnsic3RhbGUiOjMwMCwicmV2YWxpZGF0ZSI6MjU5MjAwMCwiZXhwaXJlIjo0Mjk0OTY3Mjk0fX0sImNhY2hlSGFuZGxlcnMiOnt9LCJjc3NDaHVua2luZyI6dHJ1ZSwibXVsdGlab25lRHJhZnRNb2RlIjpmYWxzZSwiYXBwTmF2RmFpbEhhbmRsaW5nIjpmYWxzZSwicHJlcmVuZGVyRWFybHlFeGl0Ijp0cnVlLCJzZXJ2ZXJNaW5pZmljYXRpb24iOnRydWUsInNlcnZlclNvdXJjZU1hcHMiOmZhbHNlLCJsaW5rTm9Ub3VjaFN0YXJ0IjpmYWxzZSwiY2FzZVNlbnNpdGl2ZVJvdXRlcyI6ZmFsc2UsImNsaWVudFNlZ21lbnRDYWNoZSI6ZmFsc2UsImR5bmFtaWNPbkhvdmVyIjpmYWxzZSwicHJlbG9hZEVudHJpZXNPblN0YXJ0Ijp0cnVlLCJjbGllbnRSb3V0ZXJGaWx0ZXIiOnRydWUsImNsaWVudFJvdXRlckZpbHRlclJlZGlyZWN0cyI6ZmFsc2UsImZldGNoQ2FjaGVLZXlQcmVmaXgiOiIiLCJtaWRkbGV3YXJlUHJlZmV0Y2giOiJmbGV4aWJsZSIsIm9wdGltaXN0aWNDbGllbnRDYWNoZSI6dHJ1ZSwibWFudWFsQ2xpZW50QmFzZVBhdGgiOmZhbHNlLCJjcHVzIjo3LCJtZW1vcnlCYXNlZFdvcmtlcnNDb3VudCI6ZmFsc2UsImltZ09wdENvbmN1cnJlbmN5IjpudWxsLCJpbWdPcHRUaW1lb3V0SW5TZWNvbmRzIjo3LCJpbWdPcHRNYXhJbnB1dFBpeGVscyI6MjY4NDAyNjg5LCJpbWdPcHRTZXF1ZW50aWFsUmVhZCI6bnVsbCwiaXNyRmx1c2hUb0Rpc2siOnRydWUsIndvcmtlclRocmVhZHMiOmZhbHNlLCJvcHRpbWl6ZUNzcyI6ZmFsc2UsIm5leHRTY3JpcHRXb3JrZXJzIjpmYWxzZSwic2Nyb2xsUmVzdG9yYXRpb24iOmZhbHNlLCJleHRlcm5hbERpciI6ZmFsc2UsImRpc2FibGVPcHRpbWl6ZWRMb2FkaW5nIjpmYWxzZSwiZ3ppcFNpemUiOnRydWUsImNyYUNvbXBhdCI6ZmFsc2UsImVzbUV4dGVybmFscyI6dHJ1ZSwiZnVsbHlTcGVjaWZpZWQiOmZhbHNlLCJzd2NUcmFjZVByb2ZpbGluZyI6ZmFsc2UsImZvcmNlU3djVHJhbnNmb3JtcyI6ZmFsc2UsImxhcmdlUGFnZURhdGFCeXRlcyI6MTI4MDAwLCJ0eXBlZFJvdXRlcyI6ZmFsc2UsInR5cGVkRW52IjpmYWxzZSwicGFyYWxsZWxTZXJ2ZXJDb21waWxlcyI6ZmFsc2UsInBhcmFsbGVsU2VydmVyQnVpbGRUcmFjZXMiOmZhbHNlLCJwcHIiOmZhbHNlLCJhdXRoSW50ZXJydXB0cyI6ZmFsc2UsIndlYnBhY2tNZW1vcnlPcHRpbWl6YXRpb25zIjpmYWxzZSwib3B0aW1pemVTZXJ2ZXJSZWFjdCI6dHJ1ZSwidmlld1RyYW5zaXRpb24iOmZhbHNlLCJyb3V0ZXJCRkNhY2hlIjpmYWxzZSwicmVtb3ZlVW5jYXVnaHRFcnJvckFuZFJlamVjdGlvbkxpc3RlbmVycyI6ZmFsc2UsInZhbGlkYXRlUlNDUmVxdWVzdEhlYWRlcnMiOmZhbHNlLCJzdGFsZVRpbWVzIjp7ImR5bmFtaWMiOjAsInN0YXRpYyI6MzAwfSwic2VydmVyQ29tcG9uZW50c0htckNhY2hlIjp0cnVlLCJzdGF0aWNHZW5lcmF0aW9uTWF4Q29uY3VycmVuY3kiOjgsInN0YXRpY0dlbmVyYXRpb25NaW5QYWdlc1BlcldvcmtlciI6MjUsImR5bmFtaWNJTyI6ZmFsc2UsImlubGluZUNzcyI6ZmFsc2UsInVzZUNhY2hlIjpmYWxzZSwiZ2xvYmFsTm90Rm91bmQiOmZhbHNlLCJkZXZ0b29sTmV3UGFuZWxVSSI6ZmFsc2UsImRldnRvb2xTZWdtZW50RXhwbG9yZXIiOmZhbHNlLCJicm93c2VyRGVidWdJbmZvSW5UZXJtaW5hbCI6ZmFsc2UsIm9wdGltaXplUm91dGVyU2Nyb2xsaW5nIjpmYWxzZSwic3RyaWN0TmV4dEhlYWQiOnRydWUsIm1pZGRsZXdhcmVDbGllbnRNYXhCb2R5U2l6ZSI6MTA0ODU3NjAsIm9wdGltaXplUGFja2FnZUltcG9ydHMiOlsibHVjaWRlLXJlYWN0IiwiZGF0ZS1mbnMiLCJsb2Rhc2gtZXMiLCJyYW1kYSIsImFudGQiLCJyZWFjdC1ib290c3RyYXAiLCJhaG9va3MiLCJAYW50LWRlc2lnbi9pY29ucyIsIkBoZWFkbGVzc3VpL3JlYWN0IiwiQGhlYWRsZXNzdWktZmxvYXQvcmVhY3QiLCJAaGVyb2ljb25zL3JlYWN0LzIwL3NvbGlkIiwiQGhlcm9pY29ucy9yZWFjdC8yNC9zb2xpZCIsIkBoZXJvaWNvbnMvcmVhY3QvMjQvb3V0bGluZSIsIkB2aXN4L3Zpc3giLCJAdHJlbW9yL3JlYWN0IiwicnhqcyIsIkBtdWkvbWF0ZXJpYWwiLCJAbXVpL2ljb25zLW1hdGVyaWFsIiwicmVjaGFydHMiLCJyZWFjdC11c2UiLCJlZmZlY3QiLCJAZWZmZWN0L3NjaGVtYSIsIkBlZmZlY3QvcGxhdGZvcm0iLCJAZWZmZWN0L3BsYXRmb3JtLW5vZGUiLCJAZWZmZWN0L3BsYXRmb3JtLWJyb3dzZXIiLCJAZWZmZWN0L3BsYXRmb3JtLWJ1biIsIkBlZmZlY3Qvc3FsIiwiQGVmZmVjdC9zcWwtbXNzcWwiLCJAZWZmZWN0L3NxbC1teXNxbDIiLCJAZWZmZWN0L3NxbC1wZyIsIkBlZmZlY3Qvc3FsLXNxbGl0ZS1ub2RlIiwiQGVmZmVjdC9zcWwtc3FsaXRlLWJ1biIsIkBlZmZlY3Qvc3FsLXNxbGl0ZS13YXNtIiwiQGVmZmVjdC9zcWwtc3FsaXRlLXJlYWN0LW5hdGl2ZSIsIkBlZmZlY3QvcnBjIiwiQGVmZmVjdC9ycGMtaHR0cCIsIkBlZmZlY3QvdHlwZWNsYXNzIiwiQGVmZmVjdC9leHBlcmltZW50YWwiLCJAZWZmZWN0L29wZW50ZWxlbWV0cnkiLCJAbWF0ZXJpYWwtdWkvY29yZSIsIkBtYXRlcmlhbC11aS9pY29ucyIsIkB0YWJsZXIvaWNvbnMtcmVhY3QiLCJtdWktY29yZSIsInJlYWN0LWljb25zL2FpIiwicmVhY3QtaWNvbnMvYmkiLCJyZWFjdC1pY29ucy9icyIsInJlYWN0LWljb25zL2NnIiwicmVhY3QtaWNvbnMvY2kiLCJyZWFjdC1pY29ucy9kaSIsInJlYWN0LWljb25zL2ZhIiwicmVhY3QtaWNvbnMvZmE2IiwicmVhY3QtaWNvbnMvZmMiLCJyZWFjdC1pY29ucy9maSIsInJlYWN0LWljb25zL2dpIiwicmVhY3QtaWNvbnMvZ28iLCJyZWFjdC1pY29ucy9nciIsInJlYWN0LWljb25zL2hpIiwicmVhY3QtaWNvbnMvaGkyIiwicmVhY3QtaWNvbnMvaW0iLCJyZWFjdC1pY29ucy9pbyIsInJlYWN0LWljb25zL2lvNSIsInJlYWN0LWljb25zL2xpYSIsInJlYWN0LWljb25zL2xpYiIsInJlYWN0LWljb25zL2x1IiwicmVhY3QtaWNvbnMvbWQiLCJyZWFjdC1pY29ucy9waSIsInJlYWN0LWljb25zL3JpIiwicmVhY3QtaWNvbnMvcngiLCJyZWFjdC1pY29ucy9zaSIsInJlYWN0LWljb25zL3NsIiwicmVhY3QtaWNvbnMvdGIiLCJyZWFjdC1pY29ucy90ZmkiLCJyZWFjdC1pY29ucy90aSIsInJlYWN0LWljb25zL3ZzYyIsInJlYWN0LWljb25zL3dpIl19LCJodG1sTGltaXRlZEJvdHMiOiJNZWRpYXBhcnRuZXJzLUdvb2dsZXxDaHJvbWUtTGlnaHRob3VzZXxTbHVycHxEdWNrRHVja0JvdHxiYWlkdXNwaWRlcnx5YW5kZXh8c29nb3V8Yml0bHlib3R8dHVtYmxyfHZrU2hhcmV8cXVvcmEgbGluayBwcmV2aWV3fHJlZGRpdGJvdHxpYV9hcmNoaXZlcnxCaW5nYm90fEJpbmdQcmV2aWV3fGFwcGxlYm90fGZhY2Vib29rZXh0ZXJuYWxoaXR8ZmFjZWJvb2tjYXRhbG9nfFR3aXR0ZXJib3R8TGlua2VkSW5Cb3R8U2xhY2tib3R8RGlzY29yZGJvdHxXaGF0c0FwcHxTa3lwZVVyaVByZXZpZXd8WWV0aSIsImJ1bmRsZVBhZ2VzUm91dGVyRGVwZW5kZW5jaWVzIjpmYWxzZSwiY29uZmlnRmlsZSI6Ii9ob21lL3ZpcmVzaC9Eb2N1bWVudHMvS2l0Y2hlbi1Sb3RhL25leHQuY29uZmlnLm1qcyIsImNvbmZpZ0ZpbGVOYW1lIjoibmV4dC5jb25maWcubWpzIiwidHVyYm9wYWNrIjp7InJvb3QiOiIvaG9tZS92aXJlc2gvRG9jdW1lbnRzL0tpdGNoZW4tUm90YSJ9fQ%3D%3D&preferredRegion=&middlewareConfig=e30%3D&cacheHandlers=%7B%7D!

./node_modules/oauth/lib/oauth.js:1:1
Module not found: Can't resolve 'crypto'
> 1 | var crypto= require('crypto'),
    | ^
  2 |     sha1= require('./sha1'),
  3 |     http= require('http'),
  4 |     https= require('https'),

https://nextjs.org/docs/messages/module-not-found

Import trace for requested module:
./node_modules/oauth/index.js
./node_modules/next-auth/core/lib/oauth/client-legacy.js
./node_modules/next-auth/core/lib/oauth/callback.js
./node_modules/next-auth/core/routes/callback.js
./node_modules/next-auth/core/routes/index.js
./node_modules/next-auth/core/index.js
./node_modules/next-auth/next/index.js
./node_modules/next-auth/index.js
./src/app/api/auth/[...nextauth]/route.ts
./node_modules/next/dist/build/webpack/loaders/next-edge-app-route-loader/index.js?absolutePagePath=private-next-app-dir%2Fapi%2Fauth%2F%5B...nextauth%5D%2Froute.ts&page=%2Fapi%2Fauth%2F%5B...nextauth%5D%2Froute&appDirLoader=bmV4dC1hcHAtbG9hZGVyP25hbWU9YXBwJTJGYXBpJTJGYXV0aCUyRiU1Qi4uLm5leHRhdXRoJTVEJTJGcm91dGUmcGFnZT0lMkZhcGklMkZhdXRoJTJGJTVCLi4ubmV4dGF1dGglNUQlMkZyb3V0ZSZwYWdlUGF0aD1wcml2YXRlLW5leHQtYXBwLWRpciUyRmFwaSUyRmF1dGglMkYlNUIuLi5uZXh0YXV0aCU1RCUyRnJvdXRlLnRzJmFwcERpcj0lMkZob21lJTJGdmlyZXNoJTJGRG9jdW1lbnRzJTJGS2l0Y2hlbi1Sb3RhJTJGc3JjJTJGYXBwJmFwcFBhdGhzPSUyRmFwaSUyRmF1dGglMkYlNUIuLi5uZXh0YXV0aCU1RCUyRnJvdXRlJnBhZ2VFeHRlbnNpb25zPXRzeCZwYWdlRXh0ZW5zaW9ucz10cyZwYWdlRXh0ZW5zaW9ucz1qc3gmcGFnZUV4dGVuc2lvbnM9anMmYmFzZVBhdGg9JmFzc2V0UHJlZml4PSZuZXh0Q29uZmlnT3V0cHV0PSZwcmVmZXJyZWRSZWdpb249Jm1pZGRsZXdhcmVDb25maWc9ZTMwJTNEJmlzR2xvYmFsTm90Rm91bmRFbmFibGVkPSE%3D&nextConfig=eyJlbnYiOnt9LCJ3ZWJwYWNrIjpudWxsLCJlc2xpbnQiOnsiaWdub3JlRHVyaW5nQnVpbGRzIjpmYWxzZX0sInR5cGVzY3JpcHQiOnsiaWdub3JlQnVpbGRFcnJvcnMiOmZhbHNlLCJ0c2NvbmZpZ1BhdGgiOiJ0c2NvbmZpZy5qc29uIn0sImRpc3REaXIiOiIubmV4dCIsImNsZWFuRGlzdERpciI6dHJ1ZSwiYXNzZXRQcmVmaXgiOiIiLCJjYWNoZU1heE1lbW9yeVNpemUiOjUyNDI4ODAwLCJjb25maWdPcmlnaW4iOiJuZXh0LmNvbmZpZy5tanMiLCJ1c2VGaWxlU3lzdGVtUHVibGljUm91dGVzIjp0cnVlLCJnZW5lcmF0ZUV0YWdzIjp0cnVlLCJwYWdlRXh0ZW5zaW9ucyI6WyJ0c3giLCJ0cyIsImpzeCIsImpzIl0sInBvd2VyZWRCeUhlYWRlciI6dHJ1ZSwiY29tcHJlc3MiOnRydWUsImltYWdlcyI6eyJkZXZpY2VTaXplcyI6WzY0MCw3NTAsODI4LDEwODAsMTIwMCwxOTIwLDIwNDgsMzg0MF0sImltYWdlU2l6ZXMiOlsxNiwzMiw0OCw2NCw5NiwxMjgsMjU2LDM4NF0sInBhdGgiOiIvX25leHQvaW1hZ2UiLCJsb2FkZXIiOiJkZWZhdWx0IiwibG9hZGVyRmlsZSI6IiIsImRvbWFpbnMiOltdLCJkaXNhYmxlU3RhdGljSW1hZ2VzIjpmYWxzZSwibWluaW11bUNhY2hlVFRMIjo2MCwiZm9ybWF0cyI6WyJpbWFnZS93ZWJwIl0sImRhbmdlcm91c2x5QWxsb3dTVkciOmZhbHNlLCJjb250ZW50U2VjdXJpdHlQb2xpY3kiOiJzY3JpcHQtc3JjICdub25lJzsgZnJhbWUtc3JjICdub25lJzsgc2FuZGJveDsiLCJjb250ZW50RGlzcG9zaXRpb25UeXBlIjoiYXR0YWNobWVudCIsInJlbW90ZVBhdHRlcm5zIjpbXSwidW5vcHRpbWl6ZWQiOmZhbHNlfSwiZGV2SW5kaWNhdG9ycyI6eyJwb3NpdGlvbiI6ImJvdHRvbS1sZWZ0In0sIm9uRGVtYW5kRW50cmllcyI6eyJtYXhJbmFjdGl2ZUFnZSI6NjAwMDAsInBhZ2VzQnVmZmVyTGVuZ3RoIjo1fSwiYW1wIjp7ImNhbm9uaWNhbEJhc2UiOiIifSwiYmFzZVBhdGgiOiIiLCJzYXNzT3B0aW9ucyI6e30sInRyYWlsaW5nU2xhc2giOmZhbHNlLCJpMThuIjpudWxsLCJwcm9kdWN0aW9uQnJvd3NlclNvdXJjZU1hcHMiOmZhbHNlLCJleGNsdWRlRGVmYXVsdE1vbWVudExvY2FsZXMiOnRydWUsInNlcnZlclJ1bnRpbWVDb25maWciOnt9LCJwdWJsaWNSdW50aW1lQ29uZmlnIjp7fSwicmVhY3RQcm9kdWN0aW9uUHJvZmlsaW5nIjpmYWxzZSwicmVhY3RTdHJpY3RNb2RlIjpudWxsLCJyZWFjdE1heEhlYWRlcnNMZW5ndGgiOjYwMDAsImh0dHBBZ2VudE9wdGlvbnMiOnsia2VlcEFsaXZlIjp0cnVlfSwibG9nZ2luZyI6e30sImNvbXBpbGVyIjp7fSwiZXhwaXJlVGltZSI6MzE1MzYwMDAsInN0YXRpY1BhZ2VHZW5lcmF0aW9uVGltZW91dCI6NjAsIm1vZHVsYXJpemVJbXBvcnRzIjp7IkBtdWkvaWNvbnMtbWF0ZXJpYWwiOnsidHJhbnNmb3JtIjoiQG11aS9pY29ucy1tYXRlcmlhbC97e21lbWJlcn19In0sImxvZGFzaCI6eyJ0cmFuc2Zvcm0iOiJsb2Rhc2gve3ttZW1iZXJ9fSJ9fSwib3V0cHV0RmlsZVRyYWNpbmdSb290IjoiL2hvbWUvdmlyZXNoL0RvY3VtZW50cy9LaXRjaGVuLVJvdGEiLCJleHBlcmltZW50YWwiOnsidXNlU2tld0Nvb2tpZSI6ZmFsc2UsIm5vZGVNaWRkbGV3YXJlIjpmYWxzZSwiY2FjaGVMaWZlIjp7ImRlZmF1bHQiOnsic3RhbGUiOjMwMCwicmV2YWxpZGF0ZSI6OTAwLCJleHBpcmUiOjQyOTQ5NjcyOTR9LCJzZWNvbmRzIjp7InN0YWxlIjowLCJyZXZhbGlkYXRlIjoxLCJleHBpcmUiOjYwfSwibWludXRlcyI6eyJzdGFsZSI6MzAwLCJyZXZhbGlkYXRlIjo2MCwiZXhwaXJlIjozNjAwfSwiaG91cnMiOnsic3RhbGUiOjMwMCwicmV2YWxpZGF0ZSI6MzYwMCwiZXhwaXJlIjo4NjQwMH0sImRheXMiOnsic3RhbGUiOjMwMCwicmV2YWxpZGF0ZSI6ODY0MDAsImV4cGlyZSI6NjA0ODAwfSwid2Vla3MiOnsic3RhbGUiOjMwMCwicmV2YWxpZGF0ZSI6NjA0ODAwLCJleHBpcmUiOjI1OTIwMDB9LCJtYXgiOnsic3RhbGUiOjMwMCwicmV2YWxpZGF0ZSI6MjU5MjAwMCwiZXhwaXJlIjo0Mjk0OTY3Mjk0fX0sImNhY2hlSGFuZGxlcnMiOnt9LCJjc3NDaHVua2luZyI6dHJ1ZSwibXVsdGlab25lRHJhZnRNb2RlIjpmYWxzZSwiYXBwTmF2RmFpbEhhbmRsaW5nIjpmYWxzZSwicHJlcmVuZGVyRWFybHlFeGl0Ijp0cnVlLCJzZXJ2ZXJNaW5pZmljYXRpb24iOnRydWUsInNlcnZlclNvdXJjZU1hcHMiOmZhbHNlLCJsaW5rTm9Ub3VjaFN0YXJ0IjpmYWxzZSwiY2FzZVNlbnNpdGl2ZVJvdXRlcyI6ZmFsc2UsImNsaWVudFNlZ21lbnRDYWNoZSI6ZmFsc2UsImR5bmFtaWNPbkhvdmVyIjpmYWxzZSwicHJlbG9hZEVudHJpZXNPblN0YXJ0Ijp0cnVlLCJjbGllbnRSb3V0ZXJGaWx0ZXIiOnRydWUsImNsaWVudFJvdXRlckZpbHRlclJlZGlyZWN0cyI6ZmFsc2UsImZldGNoQ2FjaGVLZXlQcmVmaXgiOiIiLCJtaWRkbGV3YXJlUHJlZmV0Y2giOiJmbGV4aWJsZSIsIm9wdGltaXN0aWNDbGllbnRDYWNoZSI6dHJ1ZSwibWFudWFsQ2xpZW50QmFzZVBhdGgiOmZhbHNlLCJjcHVzIjo3LCJtZW1vcnlCYXNlZFdvcmtlcnNDb3VudCI6ZmFsc2UsImltZ09wdENvbmN1cnJlbmN5IjpudWxsLCJpbWdPcHRUaW1lb3V0SW5TZWNvbmRzIjo3LCJpbWdPcHRNYXhJbnB1dFBpeGVscyI6MjY4NDAyNjg5LCJpbWdPcHRTZXF1ZW50aWFsUmVhZCI6bnVsbCwiaXNyRmx1c2hUb0Rpc2siOnRydWUsIndvcmtlclRocmVhZHMiOmZhbHNlLCJvcHRpbWl6ZUNzcyI6ZmFsc2UsIm5leHRTY3JpcHRXb3JrZXJzIjpmYWxzZSwic2Nyb2xsUmVzdG9yYXRpb24iOmZhbHNlLCJleHRlcm5hbERpciI6ZmFsc2UsImRpc2FibGVPcHRpbWl6ZWRMb2FkaW5nIjpmYWxzZSwiZ3ppcFNpemUiOnRydWUsImNyYUNvbXBhdCI6ZmFsc2UsImVzbUV4dGVybmFscyI6dHJ1ZSwiZnVsbHlTcGVjaWZpZWQiOmZhbHNlLCJzd2NUcmFjZVByb2ZpbGluZyI6ZmFsc2UsImZvcmNlU3djVHJhbnNmb3JtcyI6ZmFsc2UsImxhcmdlUGFnZURhdGFCeXRlcyI6MTI4MDAwLCJ0eXBlZFJvdXRlcyI6ZmFsc2UsInR5cGVkRW52IjpmYWxzZSwicGFyYWxsZWxTZXJ2ZXJDb21waWxlcyI6ZmFsc2UsInBhcmFsbGVsU2VydmVyQnVpbGRUcmFjZXMiOmZhbHNlLCJwcHIiOmZhbHNlLCJhdXRoSW50ZXJydXB0cyI6ZmFsc2UsIndlYnBhY2tNZW1vcnlPcHRpbWl6YXRpb25zIjpmYWxzZSwib3B0aW1pemVTZXJ2ZXJSZWFjdCI6dHJ1ZSwidmlld1RyYW5zaXRpb24iOmZhbHNlLCJyb3V0ZXJCRkNhY2hlIjpmYWxzZSwicmVtb3ZlVW5jYXVnaHRFcnJvckFuZFJlamVjdGlvbkxpc3RlbmVycyI6ZmFsc2UsInZhbGlkYXRlUlNDUmVxdWVzdEhlYWRlcnMiOmZhbHNlLCJzdGFsZVRpbWVzIjp7ImR5bmFtaWMiOjAsInN0YXRpYyI6MzAwfSwic2VydmVyQ29tcG9uZW50c0htckNhY2hlIjp0cnVlLCJzdGF0aWNHZW5lcmF0aW9uTWF4Q29uY3VycmVuY3kiOjgsInN0YXRpY0dlbmVyYXRpb25NaW5QYWdlc1BlcldvcmtlciI6MjUsImR5bmFtaWNJTyI6ZmFsc2UsImlubGluZUNzcyI6ZmFsc2UsInVzZUNhY2hlIjpmYWxzZSwiZ2xvYmFsTm90Rm91bmQiOmZhbHNlLCJkZXZ0b29sTmV3UGFuZWxVSSI6ZmFsc2UsImRldnRvb2xTZWdtZW50RXhwbG9yZXIiOmZhbHNlLCJicm93c2VyRGVidWdJbmZvSW5UZXJtaW5hbCI6ZmFsc2UsIm9wdGltaXplUm91dGVyU2Nyb2xsaW5nIjpmYWxzZSwic3RyaWN0TmV4dEhlYWQiOnRydWUsIm1pZGRsZXdhcmVDbGllbnRNYXhCb2R5U2l6ZSI6MTA0ODU3NjAsIm9wdGltaXplUGFja2FnZUltcG9ydHMiOlsibHVjaWRlLXJlYWN0IiwiZGF0ZS1mbnMiLCJsb2Rhc2gtZXMiLCJyYW1kYSIsImFudGQiLCJyZWFjdC1ib290c3RyYXAiLCJhaG9va3MiLCJAYW50LWRlc2lnbi9pY29ucyIsIkBoZWFkbGVzc3VpL3JlYWN0IiwiQGhlYWRsZXNzdWktZmxvYXQvcmVhY3QiLCJAaGVyb2ljb25zL3JlYWN0LzIwL3NvbGlkIiwiQGhlcm9pY29ucy9yZWFjdC8yNC9zb2xpZCIsIkBoZXJvaWNvbnMvcmVhY3QvMjQvb3V0bGluZSIsIkB2aXN4L3Zpc3giLCJAdHJlbW9yL3JlYWN0IiwicnhqcyIsIkBtdWkvbWF0ZXJpYWwiLCJAbXVpL2ljb25zLW1hdGVyaWFsIiwicmVjaGFydHMiLCJyZWFjdC11c2UiLCJlZmZlY3QiLCJAZWZmZWN0L3NjaGVtYSIsIkBlZmZlY3QvcGxhdGZvcm0iLCJAZWZmZWN0L3BsYXRmb3JtLW5vZGUiLCJAZWZmZWN0L3BsYXRmb3JtLWJyb3dzZXIiLCJAZWZmZWN0L3BsYXRmb3JtLWJ1biIsIkBlZmZlY3Qvc3FsIiwiQGVmZmVjdC9zcWwtbXNzcWwiLCJAZWZmZWN0L3NxbC1teXNxbDIiLCJAZWZmZWN0L3NxbC1wZyIsIkBlZmZlY3Qvc3FsLXNxbGl0ZS1ub2RlIiwiQGVmZmVjdC9zcWwtc3FsaXRlLWJ1biIsIkBlZmZlY3Qvc3FsLXNxbGl0ZS13YXNtIiwiQGVmZmVjdC9zcWwtc3FsaXRlLXJlYWN0LW5hdGl2ZSIsIkBlZmZlY3QvcnBjIiwiQGVmZmVjdC9ycGMtaHR0cCIsIkBlZmZlY3QvdHlwZWNsYXNzIiwiQGVmZmVjdC9leHBlcmltZW50YWwiLCJAZWZmZWN0L29wZW50ZWxlbWV0cnkiLCJAbWF0ZXJpYWwtdWkvY29yZSIsIkBtYXRlcmlhbC11aS9pY29ucyIsIkB0YWJsZXIvaWNvbnMtcmVhY3QiLCJtdWktY29yZSIsInJlYWN0LWljb25zL2FpIiwicmVhY3QtaWNvbnMvYmkiLCJyZWFjdC1pY29ucy9icyIsInJlYWN0LWljb25zL2NnIiwicmVhY3QtaWNvbnMvY2kiLCJyZWFjdC1pY29ucy9kaSIsInJlYWN0LWljb25zL2ZhIiwicmVhY3QtaWNvbnMvZmE2IiwicmVhY3QtaWNvbnMvZmMiLCJyZWFjdC1pY29ucy9maSIsInJlYWN0LWljb25zL2dpIiwicmVhY3QtaWNvbnMvZ28iLCJyZWFjdC1pY29ucy9nciIsInJlYWN0LWljb25zL2hpIiwicmVhY3QtaWNvbnMvaGkyIiwicmVhY3QtaWNvbnMvaW0iLCJyZWFjdC1pY29ucy9pbyIsInJlYWN0LWljb25zL2lvNSIsInJlYWN0LWljb25zL2xpYSIsInJlYWN0LWljb25zL2xpYiIsInJlYWN0LWljb25zL2x1IiwicmVhY3QtaWNvbnMvbWQiLCJyZWFjdC1pY29ucy9waSIsInJlYWN0LWljb25zL3JpIiwicmVhY3QtaWNvbnMvcngiLCJyZWFjdC1pY29ucy9zaSIsInJlYWN0LWljb25zL3NsIiwicmVhY3QtaWNvbnMvdGIiLCJyZWFjdC1pY29ucy90ZmkiLCJyZWFjdC1pY29ucy90aSIsInJlYWN0LWljb25zL3ZzYyIsInJlYWN0LWljb25zL3dpIl19LCJodG1sTGltaXRlZEJvdHMiOiJNZWRpYXBhcnRuZXJzLUdvb2dsZXxDaHJvbWUtTGlnaHRob3VzZXxTbHVycHxEdWNrRHVja0JvdHxiYWlkdXNwaWRlcnx5YW5kZXh8c29nb3V8Yml0bHlib3R8dHVtYmxyfHZrU2hhcmV8cXVvcmEgbGluayBwcmV2aWV3fHJlZGRpdGJvdHxpYV9hcmNoaXZlcnxCaW5nYm90fEJpbmdQcmV2aWV3fGFwcGxlYm90fGZhY2Vib29rZXh0ZXJuYWxoaXR8ZmFjZWJvb2tjYXRhbG9nfFR3aXR0ZXJib3R8TGlua2VkSW5Cb3R8U2xhY2tib3R8RGlzY29yZGJvdHxXaGF0c0FwcHxTa3lwZVVyaVByZXZpZXd8WWV0aSIsImJ1bmRsZVBhZ2VzUm91dGVyRGVwZW5kZW5jaWVzIjpmYWxzZSwiY29uZmlnRmlsZSI6Ii9ob21lL3ZpcmVzaC9Eb2N1bWVudHMvS2l0Y2hlbi1Sb3RhL25leHQuY29uZmlnLm1qcyIsImNvbmZpZ0ZpbGVOYW1lIjoibmV4dC5jb25maWcubWpzIiwidHVyYm9wYWNrIjp7InJvb3QiOiIvaG9tZS92aXJlc2gvRG9jdW1lbnRzL0tpdGNoZW4tUm90YSJ9fQ%3D%3D&preferredRegion=&middlewareConfig=e30%3D&cacheHandlers=%7B%7D!


> Build failed because of webpack errors
